== 01:10:24 warmup:0 try 1
[01:10:41] room_show c=16: 29990.3 rps, campfire 0.1286 CPU ms/req
[01:10:52] messages_page c=16: 35312.3 rps, campfire 0.1087 CPU ms/req
[01:11:04] sidebar c=16: 34925.9 rps, campfire 0.1097 CPU ms/req
[01:11:15] post_message c=16: 5177.2 rps, campfire 0.3489 CPU ms/req
bench/quiet: other CCD 5.4% busy (max 15.0%), bench siblings 24-31 8.9% busy (max 15.0%), screensaver off
== 01:11:16 base:1 try 1
[01:11:27] room_show c=16: 29701.4 rps, campfire 0.1296 CPU ms/req
[01:11:39] messages_page c=16: 34900.1 rps, campfire 0.11 CPU ms/req
[01:11:50] sidebar c=16: 34348.4 rps, campfire 0.1116 CPU ms/req
[01:12:02] post_message c=16: 5619.8 rps, campfire 0.3462 CPU ms/req
bench/quiet: other CCD 2.1% busy (max 15.0%), bench siblings 24-31 4.2% busy (max 15.0%), screensaver off
== 01:12:03 kit-9c:1 try 1
[01:12:14] room_show c=16: 31539.8 rps, campfire 0.1219 CPU ms/req
[01:12:26] messages_page c=16: 35231.3 rps, campfire 0.1085 CPU ms/req
[01:12:37] sidebar c=16: 34232.4 rps, campfire 0.112 CPU ms/req
[01:12:49] post_message c=16: 4788.3 rps, campfire 0.3543 CPU ms/req
bench/quiet: other CCD 2.1% busy (max 15.0%), bench siblings 24-31 4.3% busy (max 15.0%), screensaver off
== 01:12:49 kit-9c:2 try 1
[01:13:01] room_show c=16: 30954.3 rps, campfire 0.1245 CPU ms/req
[01:13:12] messages_page c=16: 34872.2 rps, campfire 0.1101 CPU ms/req
[01:13:24] sidebar c=16: 34583.3 rps, campfire 0.1111 CPU ms/req
[01:13:35] post_message c=16: 5560.6 rps, campfire 0.3481 CPU ms/req
bench/quiet: other CCD 2.2% busy (max 15.0%), bench siblings 24-31 4.5% busy (max 15.0%), screensaver off
== 01:13:36 base:2 try 1
[01:13:47] room_show c=16: 29660.2 rps, campfire 0.1291 CPU ms/req
[01:13:59] messages_page c=16: 35225.9 rps, campfire 0.1089 CPU ms/req
[01:14:10] sidebar c=16: 34991.3 rps, campfire 0.1095 CPU ms/req
[01:14:22] post_message c=16: 4967.7 rps, campfire 0.3482 CPU ms/req
bench/quiet: other CCD 2.0% busy (max 15.0%), bench siblings 24-31 4.2% busy (max 15.0%), screensaver off
== done 01:14:22
== 01:18:25 warmup:0 try 1
[01:18:37] room_show c=16: 26959.8 rps, campfire 0.1405 CPU ms/req
[01:18:48] messages_page c=16: 33801.9 rps, campfire 0.1131 CPU ms/req
[01:19:00] sidebar c=16: 30310.2 rps, campfire 0.1227 CPU ms/req
[01:19:11] post_message c=16: 4850.1 rps, campfire 0.3791 CPU ms/req
bench/quiet: other CCD 59.5% busy (max 15.0%), bench siblings 24-31 8.8% busy (max 15.0%), screensaver off
bench/quiet: machine wasn't quiet; discard this run and retry
!! machine not quiet, retrying in 60s
== 01:20:12 warmup:0 try 2
[01:20:23] room_show c=16: 29750.4 rps, campfire 0.1296 CPU ms/req
[01:20:35] messages_page c=16: 35048.5 rps, campfire 0.1092 CPU ms/req
[01:20:46] sidebar c=16: 34489.3 rps, campfire 0.1108 CPU ms/req
[01:20:58] post_message c=16: 5350.0 rps, campfire 0.3485 CPU ms/req
bench/quiet: other CCD 2.9% busy (max 15.0%), bench siblings 24-31 5.6% busy (max 15.0%), screensaver off
== 01:20:59 base:1 try 1
[01:21:10] room_show c=16: 29839.1 rps, campfire 0.1289 CPU ms/req
[01:21:21] messages_page c=16: 35030.2 rps, campfire 0.1095 CPU ms/req
[01:21:33] sidebar c=16: 34503.0 rps, campfire 0.111 CPU ms/req
[01:21:44] post_message c=16: 5392.9 rps, campfire 0.3476 CPU ms/req
bench/quiet: other CCD 2.1% busy (max 15.0%), bench siblings 24-31 4.0% busy (max 15.0%), screensaver off
== 01:21:45 kit-9c:1 try 1
[01:21:56] room_show c=16: 31084.0 rps, campfire 0.1239 CPU ms/req
[01:22:08] messages_page c=16: 34857.4 rps, campfire 0.11 CPU ms/req
[01:22:19] sidebar c=16: 34617.9 rps, campfire 0.1109 CPU ms/req
[01:22:31] post_message c=16: 5444.2 rps, campfire 0.3471 CPU ms/req
bench/quiet: other CCD 2.1% busy (max 15.0%), bench siblings 24-31 4.1% busy (max 15.0%), screensaver off
== 01:22:32 kit-9c:2 try 1
[01:22:43] room_show c=16: 31332.2 rps, campfire 0.1227 CPU ms/req
[01:22:55] messages_page c=16: 35509.1 rps, campfire 0.108 CPU ms/req
[01:23:06] sidebar c=16: 34991.9 rps, campfire 0.1095 CPU ms/req
[01:23:18] post_message c=16: 5560.2 rps, campfire 0.3475 CPU ms/req
bench/quiet: other CCD 2.0% busy (max 15.0%), bench siblings 24-31 4.0% busy (max 15.0%), screensaver off
== 01:23:18 base:2 try 1
[01:23:30] room_show c=16: 29833.5 rps, campfire 0.1291 CPU ms/req
[01:23:41] messages_page c=16: 35298.0 rps, campfire 0.1087 CPU ms/req
[01:23:53] sidebar c=16: 34824.1 rps, campfire 0.1101 CPU ms/req
[01:24:04] post_message c=16: 5439.3 rps, campfire 0.3453 CPU ms/req
bench/quiet: other CCD 2.1% busy (max 15.0%), bench siblings 24-31 4.0% busy (max 15.0%), screensaver off
== done 01:24:05
