date: 2026-09-29T14:04:54+02:00
host: 7.2.3-arch1-3, AMD Ryzen 9 9950X3D 16-Core Processor, 32 threads, 60GB
server cpus: 8-11 (nproc 4); loadgen cpus: 12-15; network: host
env: WEB_CONCURRENCY=3 JOB_CONCURRENCY=3 RAILS_MAX_THREADS=5 
rust extra env: 
rust image: campfire-rust:s-9-a sha256:bba76e9ee0be84d204f0b8285a61a77aece7b66873d14d5c977ff2c33121e688 2026-09-29T11:34:38.632554571+02:00
rust HEAD: 0f3bac7 (dirty: 0 files)
[14:05:54] load before run: 3.57 5.31 6.30 (waited 60s)
[14:05:54] rust rep 1: starting (load: 3.57 5.31 6.30)
[14:06:05] rust rep 1: cold start 415ms, idle 30MB (anon 11MB)
[14:06:15] rust rep 1: room_show c=1 5473.0 rps p50 0.171 p99 0.273 {'200': 43785} err 0
[14:06:23] rust rep 1: room_show c=16 22521.9 rps p50 0.678 p99 1.528 {'200': 180193} err 0
[14:06:31] rust rep 1: room_show c=64 21542.4 rps p50 2.867 p99 5.535 {'200': 172400} err 0
[14:06:41] rust rep 1: messages_page c=1 5962.4 rps p50 0.158 p99 0.256 {'200': 47700} err 0
[14:06:49] rust rep 1: messages_page c=16 26030.6 rps p50 0.57 p99 1.471 {'200': 208258} err 0
[14:06:57] rust rep 1: messages_page c=64 26488.7 rps p50 2.365 p99 4.131 {'200': 211955} err 0
[14:07:07] rust rep 1: sidebar c=1 3048.1 rps p50 0.317 p99 0.469 {'200': 24386} err 0
[14:07:15] rust rep 1: sidebar c=16 13478.2 rps p50 1.142 p99 2.375 {'200': 107842} err 0
[14:07:23] rust rep 1: sidebar c=64 14026.9 rps p50 4.527 p99 7.759 {'200': 112270} err 0
[14:07:33] rust rep 1: search c=1 6421.3 rps p50 0.145 p99 0.251 {'200': 51371} err 0
[14:07:41] rust rep 1: search c=16 26049.1 rps p50 0.568 p99 1.477 {'200': 208407} err 0
[14:07:49] rust rep 1: search c=64 27641.3 rps p50 2.263 p99 3.905 {'200': 221177} err 0
[14:07:59] rust rep 1: avatar c=1 77508.9 rps p50 0.012 p99 0.023 {'200': 620076} err 0
[14:08:07] rust rep 1: avatar c=16 366037.7 rps p50 0.033 p99 0.125 {'200': 2928488} err 0
[14:08:15] rust rep 1: avatar c=64 373620.6 rps p50 0.132 p99 1.295 {'200': 2989309} err 0
[14:08:25] rust rep 1: static_css c=1 83185.6 rps p50 0.011 p99 0.02 {'200': 665488} err 0
[14:08:34] rust rep 1: static_css c=16 386336.6 rps p50 0.032 p99 0.122 {'200': 3090785} err 0
[14:08:42] rust rep 1: static_css c=64 396058.8 rps p50 0.127 p99 1.255 {'200': 3168836} err 0
[14:08:52] rust rep 1: up c=1 31444.7 rps p50 0.029 p99 0.059 {'200': 251559} err 0
[14:09:00] rust rep 1: up c=16 148866.1 rps p50 0.108 p99 0.191 {'200': 1190959} err 0
[14:09:08] rust rep 1: up c=64 151228.1 rps p50 0.411 p99 0.876 {'200': 1209937} err 0
[14:09:18] rust rep 1: post_message c=1 2112.7 rps p50 0.376 p99 1.501 {'200': 16902} err 0
[14:09:26] rust rep 1: post_message c=16 4797.4 rps p50 2.287 p99 43.903 {'200': 38593} err 0
[14:09:34] rust rep 1: post_message c=64 4851.0 rps p50 9.807 p99 55.263 {'200': 38854} err 0
[14:09:56] rust rep 1: cable 100 clients ready 100 lat all p50 1.429 p99 9.007 tput 2687.2 msg/s 40342 / 40342
[14:10:21] rust rep 1: cable 1000 clients ready 1000 lat all p50 6.399 p99 9.479 tput 396.2 msg/s 5947 / 5947
[14:10:47] rust rep 1: cable 5000 clients ready 5000 lat all p50 26.575 p99 42.687 tput 87.6 msg/s 1321 / 1321
[14:11:14] rust rep 1: cable 10000 clients ready 10000 lat all p50 53.087 p99 87.231 tput 49.5 msg/s 754 / 754
[14:11:16] rust rep 1: upload median 24.7ms
[14:11:17] rust rep 1: done -> /home/emoon/campfire-wt/s-9/bench/results/s-9-20260929/run/a-3/rust-1.json
```
date: 2026-09-29T14:04:54+02:00
host: 7.2.3-arch1-3, AMD Ryzen 9 9950X3D 16-Core Processor, 32 threads, 60GB
server cpus: 8-11 (nproc 4); loadgen cpus: 12-15; network: host
env: WEB_CONCURRENCY=3 JOB_CONCURRENCY=3 RAILS_MAX_THREADS=5 
rust extra env: 
rust image: campfire-rust:s-9-a sha256:bba76e9ee0be84d204f0b8285a61a77aece7b66873d14d5c977ff2c33121e688 2026-09-29T11:34:38.632554571+02:00
rust HEAD: 0f3bac7 (dirty: 0 files)
```

Reps: rust 1. Cells: median [min–max].

### Startup and memory

| Metric | Rust | Rust adv. |
|---|---|---|
| cold start: docker run → /up 200 (ms) | 415 | – |
| idle memory.current (MB) | 30.0 | – |
| idle anon (MB) | 11.0 | – |
| peak memory.current under load (MB) | 874 | – |
| peak anon under load (MB) | 442 | – |

### HTTP (signed in as david; keep-alive; c = concurrent connections)

| Metric | Rust | Rust adv. |
|---|---|---|
| room_show c=1 req/s | 5,473 | – |
| room_show c=1 p50 ms | 0.17 | – |
| room_show c=1 p99 ms | 0.27 | – |
| room_show c=16 req/s | 22,522 | – |
| room_show c=16 p50 ms | 0.68 | – |
| room_show c=16 p99 ms | 1.53 | – |
| room_show c=64 req/s | 21,542 | – |
| room_show c=64 p50 ms | 2.87 | – |
| room_show c=64 p99 ms | 5.54 | – |
| messages_page c=1 req/s | 5,962 | – |
| messages_page c=1 p50 ms | 0.16 | – |
| messages_page c=1 p99 ms | 0.26 | – |
| messages_page c=16 req/s | 26,031 | – |
| messages_page c=16 p50 ms | 0.57 | – |
| messages_page c=16 p99 ms | 1.47 | – |
| messages_page c=64 req/s | 26,489 | – |
| messages_page c=64 p50 ms | 2.37 | – |
| messages_page c=64 p99 ms | 4.13 | – |
| sidebar c=1 req/s | 3,048 | – |
| sidebar c=1 p50 ms | 0.32 | – |
| sidebar c=1 p99 ms | 0.47 | – |
| sidebar c=16 req/s | 13,478 | – |
| sidebar c=16 p50 ms | 1.14 | – |
| sidebar c=16 p99 ms | 2.38 | – |
| sidebar c=64 req/s | 14,027 | – |
| sidebar c=64 p50 ms | 4.53 | – |
| sidebar c=64 p99 ms | 7.76 | – |
| search c=1 req/s | 6,421 | – |
| search c=1 p50 ms | 0.14 | – |
| search c=1 p99 ms | 0.25 | – |
| search c=16 req/s | 26,049 | – |
| search c=16 p50 ms | 0.57 | – |
| search c=16 p99 ms | 1.48 | – |
| search c=64 req/s | 27,641 | – |
| search c=64 p50 ms | 2.26 | – |
| search c=64 p99 ms | 3.90 | – |
| avatar c=1 req/s | 77,509 | – |
| avatar c=1 p50 ms | 0.01 | – |
| avatar c=1 p99 ms | 0.02 | – |
| avatar c=16 req/s | 366,038 | – |
| avatar c=16 p50 ms | 0.03 | – |
| avatar c=16 p99 ms | 0.12 | – |
| avatar c=64 req/s | 373,621 | – |
| avatar c=64 p50 ms | 0.13 | – |
| avatar c=64 p99 ms | 1.29 | – |
| static_css c=1 req/s | 83,186 | – |
| static_css c=1 p50 ms | 0.01 | – |
| static_css c=1 p99 ms | 0.02 | – |
| static_css c=16 req/s | 386,337 | – |
| static_css c=16 p50 ms | 0.03 | – |
| static_css c=16 p99 ms | 0.12 | – |
| static_css c=64 req/s | 396,059 | – |
| static_css c=64 p50 ms | 0.13 | – |
| static_css c=64 p99 ms | 1.25 | – |
| up c=1 req/s | 31,445 | – |
| up c=1 p50 ms | 0.03 | – |
| up c=1 p99 ms | 0.06 | – |
| up c=16 req/s | 148,866 | – |
| up c=16 p50 ms | 0.11 | – |
| up c=16 p99 ms | 0.19 | – |
| up c=64 req/s | 151,228 | – |
| up c=64 p50 ms | 0.41 | – |
| up c=64 p99 ms | 0.88 | – |
| post_message c=1 req/s | 2,113 | – |
| post_message c=1 p50 ms | 0.38 | – |
| post_message c=1 p99 ms | 1.50 | – |
| post_message c=16 req/s | 4,797 | – |
| post_message c=16 p50 ms | 2.29 | – |
| post_message c=16 p99 ms | 43.9 | – |
| post_message c=64 req/s | 4,851 | – |
| post_message c=64 p50 ms | 9.81 | – |
| post_message c=64 p99 ms | 55.3 | – |

### HTTP errors / non-2xx-3xx (first rep, per app)

| Metric | Rust | Rust adv. |
|---|---|---|
- rust: none

### Action Cable fan-out (one room; chatter.js subscriptions per client)

| Metric | Rust | Rust adv. |
|---|---|---|
| 100 clients: subscribed | 100 | – |
| 100 clients: connect+subscribe all (s) | 0.06 | – |
| 100 clients: paced post→one client p50 ms | 1.16 | – |
| 100 clients: paced post→all clients p50 ms | 1.43 | – |
| 100 clients: paced post→all clients p99 ms | 9.01 | – |
| 100 clients: max sustained msgs/s (delivered to all) | 2,687 | – |
| 100 clients: deliveries/s (client×message) | 268,715 | – |
| 100 clients: saturated post→all p50 ms | 1.15 | – |
| 100 clients: saturated POST p50 ms | 1.11 | – |
| 1000 clients: subscribed | 1,000 | – |
| 1000 clients: connect+subscribe all (s) | 0.11 | – |
| 1000 clients: paced post→one client p50 ms | 3.72 | – |
| 1000 clients: paced post→all clients p50 ms | 6.40 | – |
| 1000 clients: paced post→all clients p99 ms | 9.48 | – |
| 1000 clients: max sustained msgs/s (delivered to all) | 396 | – |
| 1000 clients: deliveries/s (client×message) | 396,244 | – |
| 1000 clients: saturated post→all p50 ms | 19.5 | – |
| 1000 clients: saturated POST p50 ms | 9.67 | – |
| 5000 clients: subscribed | 5,000 | – |
| 5000 clients: connect+subscribe all (s) | 1.45 | – |
| 5000 clients: paced post→one client p50 ms | 12.5 | – |
| 5000 clients: paced post→all clients p50 ms | 26.6 | – |
| 5000 clients: paced post→all clients p99 ms | 42.7 | – |
| 5000 clients: max sustained msgs/s (delivered to all) | 87.6 | – |
| 5000 clients: deliveries/s (client×message) | 437,913 | – |
| 5000 clients: saturated post→all p50 ms | 143 | – |
| 5000 clients: saturated POST p50 ms | 29.8 | – |
| 10000 clients: subscribed | 10,000 | – |
| 10000 clients: connect+subscribe all (s) | 1.46 | – |
| 10000 clients: paced post→one client p50 ms | 24.7 | – |
| 10000 clients: paced post→all clients p50 ms | 53.1 | – |
| 10000 clients: paced post→all clients p99 ms | 87.2 | – |
| 10000 clients: max sustained msgs/s (delivered to all) | 49.5 | – |
| 10000 clients: deliveries/s (client×message) | 494,675 | – |
| 10000 clients: saturated post→all p50 ms | 317 | – |
| 10000 clients: saturated POST p50 ms | 37.6 | – |

### Upload + thumbnail (black_hole.jpg, 505 KB)

| Metric | Rust | Rust adv. |
|---|---|---|
| POST with attachment (ms) | 24.5 | – |
| then GET thumb → 200 (ms) | 0.20 | – |
| POST → thumbnail served (ms) | 24.7 | – |

### Memory during cable fan-out, by process (MB, peak within the phase)

App process: Rails' Puma master and workers (Action Cable runs in them), or Rust's one campfire
process (its front server included). Pss counts pages shared between forked workers once;
RssAnon counts them in every process.

| Metric | Rust | Rust adv. |
|---|---|---|
| 100 clients, all subscribed, idle: app process Pss | 157 | – |
| 100 clients, all subscribed, idle: app process RssAnon | 133 | – |
| 100 clients, all subscribed, idle: app + Redis + Thruster Pss | 157 | – |
| 100 clients, all subscribed, idle: whole container Pss | 157 | – |
| 100 clients, saturated fan-out: app process Pss | 170 | – |
| 100 clients, saturated fan-out: app process RssAnon | 145 | – |
| 100 clients, saturated fan-out: app + Redis + Thruster Pss | 170 | – |
| 100 clients, saturated fan-out: whole container Pss | 170 | – |
| 1000 clients, all subscribed, idle: app process Pss | 182 | – |
| 1000 clients, all subscribed, idle: app process RssAnon | 157 | – |
| 1000 clients, all subscribed, idle: app + Redis + Thruster Pss | 182 | – |
| 1000 clients, all subscribed, idle: whole container Pss | 182 | – |
| 1000 clients, saturated fan-out: app process Pss | 182 | – |
| 1000 clients, saturated fan-out: app process RssAnon | 157 | – |
| 1000 clients, saturated fan-out: app + Redis + Thruster Pss | 182 | – |
| 1000 clients, saturated fan-out: whole container Pss | 182 | – |
| 5000 clients, all subscribed, idle: app process Pss | 244 | – |
| 5000 clients, all subscribed, idle: app process RssAnon | 218 | – |
| 5000 clients, all subscribed, idle: app + Redis + Thruster Pss | 244 | – |
| 5000 clients, all subscribed, idle: whole container Pss | 244 | – |
| 5000 clients, saturated fan-out: app process Pss | 244 | – |
| 5000 clients, saturated fan-out: app process RssAnon | 218 | – |
| 5000 clients, saturated fan-out: app + Redis + Thruster Pss | 244 | – |
| 5000 clients, saturated fan-out: whole container Pss | 244 | – |
| 10000 clients, all subscribed, idle: app process Pss | 329 | – |
| 10000 clients, all subscribed, idle: app process RssAnon | 304 | – |
| 10000 clients, all subscribed, idle: app + Redis + Thruster Pss | 329 | – |
| 10000 clients, all subscribed, idle: whole container Pss | 329 | – |
| 10000 clients, saturated fan-out: app process Pss | 325 | – |
| 10000 clients, saturated fan-out: app process RssAnon | 299 | – |
| 10000 clients, saturated fan-out: app + Redis + Thruster Pss | 325 | – |
| 10000 clients, saturated fan-out: whole container Pss | 325 | – |
