09:54:24 rust-base rep 1 start:  09:54:24 up 4 days, 19:46,  2 users,  load average: 10.01, 10.88, 8.64
09:57:46 rust-base rep 1 end:    09:57:46 up 4 days, 19:50,  2 users,  load average: 14.00, 12.86, 9.90
09:57:46 rust rep 1 start:  09:57:46 up 4 days, 19:50,  2 users,  load average: 14.00, 12.86, 9.90
10:03:27 rust rep 1 end:    10:03:27 up 4 days, 19:56,  2 users,  load average: 12.55, 12.26, 10.47
10:03:27 rust-alt rep 1 start:  10:03:27 up 4 days, 19:56,  2 users,  load average: 12.55, 12.26, 10.47
10:07:49 rust-alt rep 1 end:    10:07:49 up 4 days, 20:00,  2 users,  load average: 12.53, 11.90, 10.70
10:07:49 rust-alt rep 2 start:  10:07:49 up 4 days, 20:00,  2 users,  load average: 12.53, 11.90, 10.70
10:12:00 rust-alt rep 2 end:    10:12:00 up 4 days, 20:04,  2 users,  load average: 12.60, 12.21, 11.08
10:12:00 rust rep 2 start:  10:12:00 up 4 days, 20:04,  2 users,  load average: 12.60, 12.21, 11.08
10:16:11 rust rep 2 end:    10:16:11 up 4 days, 20:08,  2 users,  load average: 12.32, 12.02, 11.23
10:16:11 rust-base rep 2 start:  10:16:11 up 4 days, 20:08,  2 users,  load average: 12.32, 12.02, 11.23
10:20:24 rust-base rep 2 end:    10:20:24 up 4 days, 20:12,  2 users,  load average: 13.61, 12.87, 11.74
10:20:24 rust-base rep 3 start:  10:20:24 up 4 days, 20:12,  2 users,  load average: 13.61, 12.87, 11.74
10:24:45 rust-base rep 3 end:    10:24:45 up 4 days, 20:17,  2 users,  load average: 12.32, 12.37, 11.77
10:24:45 rust rep 3 start:  10:24:45 up 4 days, 20:17,  2 users,  load average: 12.32, 12.37, 11.77
10:28:36 rust rep 3 end:    10:28:36 up 4 days, 20:21,  2 users,  load average: 6.17, 9.13, 10.58
10:28:36 rust-alt rep 3 start:  10:28:36 up 4 days, 20:21,  2 users,  load average: 6.17, 9.13, 10.58
10:31:46 rust-alt rep 3 end:    10:31:46 up 4 days, 20:24,  2 users,  load average: 5.19, 7.25, 9.57
10:31:46 rust-alt rep 4 start:  10:31:46 up 4 days, 20:24,  2 users,  load average: 5.19, 7.25, 9.57
10:34:59 rust-alt rep 4 end:    10:34:59 up 4 days, 20:27,  2 users,  load average: 5.13, 6.20, 8.73
10:34:59 rust rep 4 start:  10:34:59 up 4 days, 20:27,  2 users,  load average: 5.13, 6.20, 8.73
10:38:10 rust rep 4 end:    10:38:10 up 4 days, 20:30,  2 users,  load average: 5.03, 5.65, 8.03
10:38:10 rust-base rep 4 start:  10:38:10 up 4 days, 20:30,  2 users,  load average: 5.03, 5.65, 8.03
10:41:22 rust-base rep 4 end:    10:41:22 up 4 days, 20:33,  2 users,  load average: 5.86, 6.45, 7.96
