11:04:52 rust-base rep 1 start:  11:04:52 up 4 days, 20:57,  2 users,  load average: 3.06, 3.70, 4.80
11:13:53 rust-base rep 1 end:    11:13:53 up 4 days, 21:06,  2 users,  load average: 6.21, 5.17, 4.85
11:13:53 rust rep 1 start:  11:13:53 up 4 days, 21:06,  2 users,  load average: 6.21, 5.17, 4.85
11:22:23 rust rep 1 end:    11:22:23 up 4 days, 21:14,  2 users,  load average: 4.99, 4.28, 4.34
11:22:23 rust-alt rep 1 start:  11:22:23 up 4 days, 21:14,  2 users,  load average: 4.99, 4.28, 4.34
11:31:43 rust-alt rep 1 end:    11:31:43 up 4 days, 21:24,  2 users,  load average: 5.82, 4.65, 4.23
11:31:43 rust-alt rep 2 start:  11:31:43 up 4 days, 21:24,  2 users,  load average: 5.82, 4.65, 4.23
11:40:32 rust-alt rep 2 end:    11:40:32 up 4 days, 21:33,  2 users,  load average: 5.60, 4.50, 4.12
11:40:32 rust rep 2 start:  11:40:32 up 4 days, 21:33,  2 users,  load average: 5.60, 4.50, 4.12
11:48:51 rust rep 2 end:    11:48:51 up 4 days, 21:41,  2 users,  load average: 5.30, 4.24, 3.97
11:48:51 rust-base rep 2 start:  11:48:51 up 4 days, 21:41,  2 users,  load average: 5.30, 4.24, 3.97
11:56:32 rust-base rep 2 end:    11:56:32 up 4 days, 21:49,  2 users,  load average: 5.71, 4.50, 4.04
11:56:32 rust-base rep 3 start:  11:56:32 up 4 days, 21:49,  2 users,  load average: 5.71, 4.50, 4.04
12:05:14 rust-base rep 3 end:    12:05:14 up 4 days, 21:57,  2 users,  load average: 6.59, 5.56, 4.58
12:05:14 rust rep 3 start:  12:05:14 up 4 days, 21:57,  2 users,  load average: 6.59, 5.56, 4.58
12:13:43 rust rep 3 end:    12:13:43 up 4 days, 22:06,  2 users,  load average: 5.22, 4.35, 4.20
12:13:43 rust-alt rep 3 start:  12:13:43 up 4 days, 22:06,  2 users,  load average: 5.22, 4.35, 4.20
12:21:54 rust-alt rep 3 end:    12:21:54 up 4 days, 22:14,  2 users,  load average: 5.10, 4.26, 4.04
12:21:54 rust-alt rep 4 start:  12:21:54 up 4 days, 22:14,  2 users,  load average: 5.10, 4.26, 4.04
12:29:33 rust-alt rep 4 end:    12:29:33 up 4 days, 22:22,  2 users,  load average: 5.55, 4.50, 4.09
12:29:33 rust rep 4 start:  12:29:33 up 4 days, 22:22,  2 users,  load average: 5.55, 4.50, 4.09
12:49:24 rust rep 4 end:    12:49:24 up 4 days, 22:41,  2 users,  load average: 53.30, 21.25, 12.79
12:49:24 rust-base rep 4 start:  12:49:24 up 4 days, 22:41,  2 users,  load average: 53.30, 21.25, 12.79
