2026-09-29T08:56:00+02:00 lock acquired; building images
2026-09-29T08:58:16+02:00 a1 start
2026-09-29T09:02:40+02:00 a1 end
2026-09-29T09:02:40+02:00 compare start
2026-09-29T09:03:50+02:00 b start (compare alive: yes)
2026-09-29T09:06:35+02:00 cpu b-1 done (compare alive: yes)
2026-09-29T09:08:16+02:00 cpu b-2 done (compare alive: yes)
2026-09-29T09:10:09+02:00 cpu b-3 done (compare alive: yes)
2026-09-29T09:12:20+02:00 cpu b-4 done (compare alive: yes)
2026-09-29T09:14:01+02:00 cpu b-5 done (compare alive: yes)
2026-09-29T09:15:40+02:00 cpu b-6 done (compare alive: yes)
2026-09-29T09:17:51+02:00 cpu b-7 done (compare alive: yes)
2026-09-29T09:20:00+02:00 cpu b-8 done (compare alive: yes)
2026-09-29T09:22:10+02:00 cpu b-9 done (compare alive: yes)
2026-09-29T09:24:15+02:00 cpu b-10 done (compare alive: yes)
2026-09-29T09:26:21+02:00 cpu b-11 done (compare alive: yes)
2026-09-29T09:28:27+02:00 cpu b-12 done (compare alive: yes)
2026-09-29T09:30:32+02:00 cpu b-13 done (compare alive: yes)
2026-09-29T09:32:38+02:00 cpu b-14 done (compare alive: yes)
2026-09-29T09:34:42+02:00 cpu b-15 done (compare alive: yes)
2026-09-29T09:36:46+02:00 cpu b-16 done (compare alive: yes)
2026-09-29T09:38:48+02:00 cpu b-17 done (compare alive: no)
2026-09-29T09:38:48+02:00 compare end (exit 0)
2026-09-29T09:38:48+02:00 a2 start
2026-09-29T09:44:12+02:00 a2 end
