== 23:23:50 warmup:0 try 1
[23:45:52] room_show c=16: 28340.4 rps, campfire 0.1363 CPU ms/req
[23:46:04] messages_page c=16: 35291.7 rps, campfire 0.1087 CPU ms/req
[23:46:15] sidebar c=16: 30389.8 rps, campfire 0.127 CPU ms/req
[23:46:27] post_message c=16: 5553.6 rps, campfire 0.3518 CPU ms/req
bench/quiet: other CCD 5.8% busy (max 15.0%), bench siblings 24-31 8.9% busy (max 15.0%), screensaver off
== 23:46:27 base:1 try 1
[23:46:39] room_show c=16: 28163.4 rps, campfire 0.1369 CPU ms/req
[23:46:50] messages_page c=16: 35275.7 rps, campfire 0.1087 CPU ms/req
[23:47:02] sidebar c=16: 30627.4 rps, campfire 0.1261 CPU ms/req
[23:47:13] post_message c=16: 5500.8 rps, campfire 0.3489 CPU ms/req
bench/quiet: other CCD 2.2% busy (max 15.0%), bench siblings 24-31 4.4% busy (max 15.0%), screensaver off
== 23:47:14 live-2:1 try 1
[23:48:12] room_show c=16: 28417.4 rps, campfire 0.136 CPU ms/req
[23:48:23] messages_page c=16: 35491.2 rps, campfire 0.108 CPU ms/req
[23:48:35] sidebar c=16: 30468.1 rps, campfire 0.1265 CPU ms/req
[23:48:46] post_message c=16: 5476.5 rps, campfire 0.3431 CPU ms/req
bench/quiet: other CCD 2.0% busy (max 15.0%), bench siblings 24-31 4.2% busy (max 15.0%), screensaver off
== 23:48:47 live-2:2 try 1
[23:49:44] room_show c=16: 28740.6 rps, campfire 0.1344 CPU ms/req
[23:49:55] messages_page c=16: 35533.9 rps, campfire 0.108 CPU ms/req
[23:50:07] sidebar c=16: 30524.8 rps, campfire 0.126 CPU ms/req
[23:50:18] post_message c=16: 5399.6 rps, campfire 0.3424 CPU ms/req
bench/quiet: other CCD 2.1% busy (max 15.0%), bench siblings 24-31 4.4% busy (max 15.0%), screensaver off
== 23:50:19 base:2 try 1
[23:51:16] room_show c=16: 28122.3 rps, campfire 0.1373 CPU ms/req
[23:51:28] messages_page c=16: 35288.0 rps, campfire 0.1088 CPU ms/req
[23:51:39] sidebar c=16: 30392.5 rps, campfire 0.127 CPU ms/req
[23:51:51] post_message c=16: 5667.5 rps, campfire 0.3507 CPU ms/req
bench/quiet: other CCD 2.1% busy (max 15.0%), bench siblings 24-31 4.7% busy (max 15.0%), screensaver off
== done 23:51:51
== 23:56:04 warmup:0 try 1
[23:56:16] room_show c=16: 28432.5 rps, campfire 0.1355 CPU ms/req
[23:56:27] messages_page c=16: 35485.1 rps, campfire 0.1082 CPU ms/req
[23:56:39] sidebar c=16: 30355.7 rps, campfire 0.1272 CPU ms/req
[23:56:50] post_message c=16: 5745.7 rps, campfire 0.3466 CPU ms/req
bench/quiet: other CCD 2.1% busy (max 15.0%), bench siblings 24-31 4.4% busy (max 15.0%), screensaver off
== 23:56:51 base:1 try 1
[23:57:02] room_show c=16: 28508.8 rps, campfire 0.1337 CPU ms/req
[23:57:14] messages_page c=16: 35740.6 rps, campfire 0.1074 CPU ms/req
[23:57:25] sidebar c=16: 30618.8 rps, campfire 0.126 CPU ms/req
[23:57:37] post_message c=16: 5471.3 rps, campfire 0.3519 CPU ms/req
bench/quiet: other CCD 2.1% busy (max 15.0%), bench siblings 24-31 4.1% busy (max 15.0%), screensaver off
== 23:57:37 live-2:1 try 1
[23:57:49] room_show c=16: 28158.7 rps, campfire 0.1358 CPU ms/req
[23:58:00] messages_page c=16: 35328.7 rps, campfire 0.1085 CPU ms/req
[23:58:12] sidebar c=16: 30234.9 rps, campfire 0.1274 CPU ms/req
[23:58:23] post_message c=16: 5629.9 rps, campfire 0.3411 CPU ms/req
bench/quiet: other CCD 2.1% busy (max 15.0%), bench siblings 24-31 4.1% busy (max 15.0%), screensaver off
== 23:58:24 live-2:2 try 1
[23:58:35] room_show c=16: 28771.9 rps, campfire 0.1339 CPU ms/req
[23:58:47] messages_page c=16: 35543.0 rps, campfire 0.1077 CPU ms/req
[23:58:58] sidebar c=16: 30505.0 rps, campfire 0.1264 CPU ms/req
[23:59:10] post_message c=16: 4862.3 rps, campfire 0.346 CPU ms/req
bench/quiet: other CCD 2.1% busy (max 15.0%), bench siblings 24-31 4.0% busy (max 15.0%), screensaver off
== 23:59:10 base:2 try 1
[23:59:22] room_show c=16: 28434.3 rps, campfire 0.1357 CPU ms/req
[23:59:33] messages_page c=16: 35820.2 rps, campfire 0.1074 CPU ms/req
[23:59:45] sidebar c=16: 30651.2 rps, campfire 0.1261 CPU ms/req
[23:59:56] post_message c=16: 5609.4 rps, campfire 0.3481 CPU ms/req
bench/quiet: other CCD 2.1% busy (max 15.0%), bench siblings 24-31 4.1% busy (max 15.0%), screensaver off
== done 23:59:57
