== 22:57:37 warmup:0 try 1
[22:57:54] room_show c=16: 25727.5 rps, campfire 0.1507 CPU ms/req
[22:58:06] messages_page c=16: 30716.9 rps, campfire 0.1257 CPU ms/req
[22:58:17] sidebar c=16: 30052.1 rps, campfire 0.1283 CPU ms/req
[22:58:29] post_message c=16: 5676.2 rps, campfire 0.3491 CPU ms/req
bench/quiet: other CCD 5.3% busy (max 15.0%), bench siblings 24-31 8.2% busy (max 15.0%), screensaver off
== 22:58:29 base:1 try 1
[22:58:41] room_show c=16: 26348.4 rps, campfire 0.147 CPU ms/req
[22:58:52] messages_page c=16: 31289.2 rps, campfire 0.1235 CPU ms/req
[22:59:04] sidebar c=16: 30045.1 rps, campfire 0.1282 CPU ms/req
[22:59:15] post_message c=16: 5697.4 rps, campfire 0.3486 CPU ms/req
bench/quiet: other CCD 2.1% busy (max 15.0%), bench siblings 24-31 4.0% busy (max 15.0%), screensaver off
== 22:59:16 view-10:1 try 1
[22:59:27] room_show c=16: 27635.2 rps, campfire 0.1397 CPU ms/req
[22:59:39] messages_page c=16: 32366.4 rps, campfire 0.1193 CPU ms/req
[22:59:50] sidebar c=16: 30333.9 rps, campfire 0.1271 CPU ms/req
[23:00:02] post_message c=16: 5725.6 rps, campfire 0.3491 CPU ms/req
bench/quiet: other CCD 2.1% busy (max 15.0%), bench siblings 24-31 3.9% busy (max 15.0%), screensaver off
== 23:00:02 view-10:2 try 1
[23:00:14] room_show c=16: 27207.0 rps, campfire 0.1422 CPU ms/req
[23:00:25] messages_page c=16: 32261.7 rps, campfire 0.1196 CPU ms/req
[23:00:37] sidebar c=16: 30204.8 rps, campfire 0.1277 CPU ms/req
[23:00:48] post_message c=16: 5694.1 rps, campfire 0.3497 CPU ms/req
bench/quiet: other CCD 2.0% busy (max 15.0%), bench siblings 24-31 4.0% busy (max 15.0%), screensaver off
== 23:00:49 base:2 try 1
[23:01:00] room_show c=16: 26209.9 rps, campfire 0.1476 CPU ms/req
[23:01:12] messages_page c=16: 30958.0 rps, campfire 0.1246 CPU ms/req
[23:01:23] sidebar c=16: 29911.1 rps, campfire 0.129 CPU ms/req
[23:01:35] post_message c=16: 5549.4 rps, campfire 0.3476 CPU ms/req
bench/quiet: other CCD 2.0% busy (max 15.0%), bench siblings 24-31 4.1% busy (max 15.0%), screensaver off
== done 23:01:35
== 23:03:28 warmup:0 try 1
[23:03:39] room_show c=16: 26566.6 rps, campfire 0.146 CPU ms/req
[23:03:51] messages_page c=16: 31418.7 rps, campfire 0.123 CPU ms/req
[23:04:03] sidebar c=16: 28142.4 rps, campfire 0.127 CPU ms/req
[23:04:14] post_message c=16: 3597.2 rps, campfire 0.3889 CPU ms/req
bench/quiet: other CCD 2.1% busy (max 15.0%), bench siblings 24-31 5.7% busy (max 15.0%), screensaver off
== 23:04:15 base:1 try 1
[23:04:26] room_show c=16: 25895.2 rps, campfire 0.1494 CPU ms/req
[23:04:38] messages_page c=16: 30998.3 rps, campfire 0.1245 CPU ms/req
[23:04:49] sidebar c=16: 30019.7 rps, campfire 0.1283 CPU ms/req
[23:05:01] post_message c=16: 5463.4 rps, campfire 0.3474 CPU ms/req
bench/quiet: other CCD 2.1% busy (max 15.0%), bench siblings 24-31 4.4% busy (max 15.0%), screensaver off
== 23:05:02 view-10:1 try 1
[23:05:13] room_show c=16: 27293.5 rps, campfire 0.1417 CPU ms/req
[23:05:24] messages_page c=16: 31732.3 rps, campfire 0.1216 CPU ms/req
[23:05:36] sidebar c=16: 30119.8 rps, campfire 0.1279 CPU ms/req
[23:05:47] post_message c=16: 5488.8 rps, campfire 0.3488 CPU ms/req
bench/quiet: other CCD 2.2% busy (max 15.0%), bench siblings 24-31 3.9% busy (max 15.0%), screensaver off
== 23:05:48 view-10:2 try 1
[23:05:59] room_show c=16: 26867.2 rps, campfire 0.1437 CPU ms/req
[23:06:11] messages_page c=16: 31962.2 rps, campfire 0.1208 CPU ms/req
[23:06:22] sidebar c=16: 30169.2 rps, campfire 0.1278 CPU ms/req
[23:06:34] post_message c=16: 5423.2 rps, campfire 0.3485 CPU ms/req
bench/quiet: other CCD 2.2% busy (max 15.0%), bench siblings 24-31 4.8% busy (max 15.0%), screensaver off
== 23:06:35 base:2 try 1
[23:06:46] room_show c=16: 25943.6 rps, campfire 0.1494 CPU ms/req
[23:06:58] messages_page c=16: 31137.4 rps, campfire 0.1241 CPU ms/req
[23:07:09] sidebar c=16: 30025.4 rps, campfire 0.1285 CPU ms/req
[23:07:21] post_message c=16: 5440.4 rps, campfire 0.3488 CPU ms/req
bench/quiet: other CCD 2.0% busy (max 15.0%), bench siblings 24-31 3.8% busy (max 15.0%), screensaver off
== done 23:07:21
